I'm sorry, but errors were detected in your script. Please correct the
errors listed below, and try again.


File "game/script.rpy", line 6: expected statement.
    import random
                 ^

File "game/script.rpy", line 8: expected statement.
    def random_color():
                    ^

Ren'Py Version: Ren'Py 8.0.3.22090809
Tue Apr 25 06:33:34 2023
